// Jest Snapshot v1, https://goo.gl/fbAQLP

exports[`renders successfully 1`] = `
<nav
  className="navbar navbar-expand-lg navbar-dark bg-dark"
>
  <a
    className="navbar-brand"
    href="/"
  >
    Itunes Search App
  </a>
  <button
    aria-controls="responsive-navbar-nav"
    aria-label="Toggle navigation"
    className="navbar-toggler collapsed"
    onClick={[Function]}
    type="button"
  >
    <span
      className="navbar-toggler-icon"
    />
  </button>
  <div
    aria-expanded={null}
    className="navbar-collapse collapse"
    id="responsive-navbar-nav"
  >
    <div
      className="mr-auto navbar-nav"
      onKeyDown={[Function]}
    >
      <div
        className="dropdown nav-item"
        onKeyDown={[Function]}
      >
        <a
          aria-expanded={false}
          aria-haspopup={true}
          className="dropdown-toggle nav-link"
          data-rb-event-key={null}
          href="#"
          id="collasible-nav-dropdown"
          onClick={[Function]}
          onKeyDown={[Function]}
          role="button"
        >
          Favourites
        </a>
      </div>
    </div>
  </div>
</nav>
`;
